<?xml version="1.0" encoding="UTF-8"?>
<TestRun id="8b2eb3b6-3e12-45e1-8760-080c4b901e22" name="Huyoucai@HUYOUCAI-PC 2014-07-27 16:43:05" runUser="Huyoucai-PC\Huyoucai" xmlns="http://microsoft.com/schemas/VisualStudio/TeamTest/2010">
  <TestSettings name="Local" id="e4167082-9d56-471a-b488-96ac36bacfa7">
    <Description>These are default test settings for a local test run.</Description>
    <Deployment enabled="false" runDeploymentRoot="Huyoucai_HUYOUCAI-PC 2014-07-27 16_43_05">
      <DeploymentItem filename="G:\GitHub\Algorithm-Recursion-Dynamic\Algorithm-Recursion\bin\Debug\Algorithm-Recursion.dll" />
    </Deployment>
    <Execution>
      <TestTypeSpecific />
      <AgentRule name="Execution Agents">
      </AgentRule>
    </Execution>
  </TestSettings>
  <Times creation="2014-07-27T16:43:05.7097108-06:00" queuing="2014-07-27T16:43:07.3358038-06:00" start="2014-07-27T16:43:07.4498103-06:00" finish="2014-07-27T16:43:32.1882253-06:00" />
  <ResultSummary outcome="Error">
    <Counters total="1" executed="1" error="0" failed="0" timeout="0" aborted="1" inconclusive="0" passedButRunAborted="0" notRunnable="0" notExecuted="0" disconnected="0" warning="0" passed="0" completed="0" inProgress="0" pending="0" />
    <RunInfos>
      <RunInfo computerName="HUYOUCAI-PC" outcome="Error" timestamp="2014-07-27T16:43:32.1872252-06:00">
        <Text>Test host process exited unexpectedly.</Text>
      </RunInfo>
    </RunInfos>
  </ResultSummary>
  <TestDefinitions>
    <UnitTest name="WordBreakTest" storage="g:\github\algorithm-recursion-dynamic\testproject\bin\debug\testproject.dll" id="da357ada-a8db-2648-80df-d63b8302ed09">
      <Execution id="dba4a190-6570-492c-ac38-d196e102b4be" />
      <TestMethod codeBase="G:/GitHub/Algorithm-Recursion-Dynamic/TestProject/bin/Debug/TestProject.DLL" adapterTypeName="Microsoft.VisualStudio.TestTools.TestTypes.Unit.UnitTestAdapter, Microsoft.VisualStudio.QualityTools.Tips.UnitTest.Adapter, Version=10.0.0.0, Culture=neutral, PublicKeyToken=b03f5f7f11d50a3a" className="TestProject.DynamicTest, TestProject, Version=1.0.0.0, Culture=neutral, PublicKeyToken=null" name="WordBreakTest" />
    </UnitTest>
  </TestDefinitions>
  <TestLists>
    <TestList name="Results Not in a List" id="8c84fa94-04c1-424b-9868-57a2d4851a1d" />
    <TestList name="All Loaded Results" id="19431567-8539-422a-85d7-44ee4e166bda" />
  </TestLists>
  <TestEntries>
    <TestEntry testId="da357ada-a8db-2648-80df-d63b8302ed09" executionId="dba4a190-6570-492c-ac38-d196e102b4be" testListId="8c84fa94-04c1-424b-9868-57a2d4851a1d" />
  </TestEntries>
  <Results>
    <UnitTestResult executionId="dba4a190-6570-492c-ac38-d196e102b4be" testId="da357ada-a8db-2648-80df-d63b8302ed09" testName="WordBreakTest" computerName="HUYOUCAI-PC" duration="00:00:24.6314088" startTime="2014-07-27T16:43:07.5568165-06:00" endTime="2014-07-27T16:43:32.1882253-06:00" testType="13cdc9d9-ddb5-4fa4-a97d-d965ccfc6d4b" outcome="Aborted" testListId="8c84fa94-04c1-424b-9868-57a2d4851a1d" relativeResultsDirectory="dba4a190-6570-492c-ac38-d196e102b4be">
    </UnitTestResult>
  </Results>
</TestRun>