<?xml version="1.0" encoding="UTF-8"?>
<TestRun id="9060dec6-d7b0-4c9f-acb3-5c80d193ba00" name="Huyoucai@HUYOUCAI-PC 2014-07-28 21:55:10" runUser="Huyoucai-PC\Huyoucai" xmlns="http://microsoft.com/schemas/VisualStudio/TeamTest/2010">
  <TestSettings name="Local" id="e4167082-9d56-471a-b488-96ac36bacfa7">
    <Description>These are default test settings for a local test run.</Description>
    <Deployment enabled="false" runDeploymentRoot="Huyoucai_HUYOUCAI-PC 2014-07-28 21_55_10">
      <DeploymentItem filename="G:\GitHub\Algorithm-Recursion-Dynamic\Algorithm-Recursion\bin\Debug\Algorithm-Recursion.dll" />
    </Deployment>
    <Execution>
      <TestTypeSpecific />
      <AgentRule name="Execution Agents">
      </AgentRule>
    </Execution>
  </TestSettings>
  <Times creation="2014-07-28T21:55:10.4469853-06:00" queuing="2014-07-28T21:55:12.4150978-06:00" start="2014-07-28T21:55:12.6931137-06:00" finish="2014-07-28T21:55:14.2232012-06:00" />
  <ResultSummary outcome="Completed">
    <Counters total="1" executed="1" passed="1" error="0" failed="0" timeout="0" aborted="0" inconclusive="0" passedButRunAborted="0" notRunnable="0" notExecuted="0" disconnected="0" warning="0" completed="0" inProgress="0" pending="0" />
  </ResultSummary>
  <TestDefinitions>
    <UnitTest name="WordBreakIITest" storage="g:\github\algorithm-recursion-dynamic\testproject\bin\debug\testproject.dll" id="d8b5e24e-36fe-67eb-d089-27a43846d83b">
      <Execution id="39abaeaa-3a5d-4682-9dc4-41cb8b651038" />
      <TestMethod codeBase="G:/GitHub/Algorithm-Recursion-Dynamic/TestProject/bin/Debug/TestProject.DLL" adapterTypeName="Microsoft.VisualStudio.TestTools.TestTypes.Unit.UnitTestAdapter, Microsoft.VisualStudio.QualityTools.Tips.UnitTest.Adapter, Version=10.0.0.0, Culture=neutral, PublicKeyToken=b03f5f7f11d50a3a" className="TestProject.DynamicTest, TestProject, Version=1.0.0.0, Culture=neutral, PublicKeyToken=null" name="WordBreakIITest" />
    </UnitTest>
  </TestDefinitions>
  <TestLists>
    <TestList name="Results Not in a List" id="8c84fa94-04c1-424b-9868-57a2d4851a1d" />
    <TestList name="All Loaded Results" id="19431567-8539-422a-85d7-44ee4e166bda" />
  </TestLists>
  <TestEntries>
    <TestEntry testId="d8b5e24e-36fe-67eb-d089-27a43846d83b" executionId="39abaeaa-3a5d-4682-9dc4-41cb8b651038" testListId="8c84fa94-04c1-424b-9868-57a2d4851a1d" />
  </TestEntries>
  <Results>
    <UnitTestResult executionId="39abaeaa-3a5d-4682-9dc4-41cb8b651038" testId="d8b5e24e-36fe-67eb-d089-27a43846d83b" testName="WordBreakIITest" computerName="HUYOUCAI-PC" duration="00:00:00.0608139" startTime="2014-07-28T21:55:12.8311216-06:00" endTime="2014-07-28T21:55:14.1511971-06:00" testType="13cdc9d9-ddb5-4fa4-a97d-d965ccfc6d4b" outcome="Passed" testListId="8c84fa94-04c1-424b-9868-57a2d4851a1d" relativeResultsDirectory="39abaeaa-3a5d-4682-9dc4-41cb8b651038">
    </UnitTestResult>
  </Results>
</TestRun>